Syncing assets to Android platform...
✔ Copying web assets from public to android/app/src/main/assets/public in 8.50ms
✔ Creating capacitor.config.json in android/app/src/main/assets in 766.69μs
✔ copy android in 14.14ms
✔ Updating Android plugins in 424.26μs
[info] Found 3 Capacitor plugins for android:
       @capacitor/app@8.1.0
       @capacitor/local-notifications@8.2.0
       @capacitor/push-notifications@8.1.1
✔ update android in 29.74ms
[info] Sync finished in 0.052s
Building APK...

> Configure project :app
WARNING: Using flatDir should be avoided because it doesn't support any meta-data formats.

> Configure project :capacitor-cordova-android-plugins
WARNING: Using flatDir should be avoided because it doesn't support any meta-data formats.

> Task :app:preBuild UP-TO-DATE
> Task :app:preDebugBuild UP-TO-DATE
> Task :app:mergeDebugNativeDebugMetadata NO-SOURCE
> Task :app:javaPreCompileDebug UP-TO-DATE
> Task :capacitor-android:preBuild UP-TO-DATE
> Task :capacitor-android:preDebugBuild UP-TO-DATE
> Task :capacitor-android:writeDebugAarMetadata UP-TO-DATE
> Task :capacitor-app:preBuild UP-TO-DATE
> Task :capacitor-app:preDebugBuild UP-TO-DATE
> Task :capacitor-app:writeDebugAarMetadata UP-TO-DATE
> Task :capacitor-cordova-android-plugins:preBuild UP-TO-DATE
> Task :capacitor-cordova-android-plugins:preDebugBuild UP-TO-DATE
> Task :capacitor-local-notifications:preBuild UP-TO-DATE
> Task :capacitor-local-notifications:preDebugBuild UP-TO-DATE
> Task :capacitor-local-notifications:writeDebugAarMetadata UP-TO-DATE
> Task :capacitor-cordova-android-plugins:writeDebugAarMetadata
> Task :capacitor-push-notifications:preBuild UP-TO-DATE
> Task :capacitor-push-notifications:preDebugBuild UP-TO-DATE
> Task :capacitor-push-notifications:writeDebugAarMetadata UP-TO-DATE
> Task :app:checkDebugAarMetadata UP-TO-DATE
> Task :capacitor-android:processDebugNavigationResources UP-TO-DATE
> Task :capacitor-app:processDebugNavigationResources UP-TO-DATE
> Task :capacitor-cordova-android-plugins:processDebugNavigationResources
> Task :capacitor-local-notifications:processDebugNavigationResources UP-TO-DATE
> Task :capacitor-push-notifications:processDebugNavigationResources UP-TO-DATE
> Task :app:processDebugNavigationResources UP-TO-DATE
> Task :app:compileDebugNavigationResources UP-TO-DATE
> Task :app:generateDebugResValues UP-TO-DATE
> Task :app:processDebugGoogleServices UP-TO-DATE
> Task :capacitor-android:generateDebugResValues UP-TO-DATE
> Task :capacitor-android:generateDebugResources UP-TO-DATE
> Task :capacitor-android:packageDebugResources UP-TO-DATE
> Task :capacitor-app:generateDebugResValues UP-TO-DATE
> Task :capacitor-app:generateDebugResources UP-TO-DATE
> Task :capacitor-app:packageDebugResources UP-TO-DATE
> Task :capacitor-cordova-android-plugins:generateDebugResValues
> Task :capacitor-cordova-android-plugins:generateDebugResources
> Task :capacitor-cordova-android-plugins:packageDebugResources
> Task :capacitor-local-notifications:generateDebugResValues UP-TO-DATE
> Task :capacitor-local-notifications:generateDebugResources UP-TO-DATE
> Task :capacitor-local-notifications:packageDebugResources UP-TO-DATE
> Task :capacitor-push-notifications:generateDebugResValues UP-TO-DATE
> Task :capacitor-push-notifications:generateDebugResources UP-TO-DATE
> Task :capacitor-push-notifications:packageDebugResources UP-TO-DATE
> Task :app:mapDebugSourceSetPaths UP-TO-DATE
> Task :app:generateDebugResources UP-TO-DATE
> Task :app:mergeDebugResources UP-TO-DATE
> Task :app:packageDebugResources UP-TO-DATE
> Task :app:parseDebugLocalResources UP-TO-DATE
> Task :app:createDebugCompatibleScreenManifests UP-TO-DATE
> Task :app:extractDeepLinksDebug UP-TO-DATE
> Task :capacitor-android:extractDeepLinksDebug UP-TO-DATE
> Task :capacitor-android:processDebugManifest UP-TO-DATE
> Task :capacitor-app:extractDeepLinksDebug UP-TO-DATE
> Task :capacitor-app:processDebugManifest UP-TO-DATE
> Task :capacitor-cordova-android-plugins:extractDeepLinksDebug
> Task :capacitor-local-notifications:extractDeepLinksDebug UP-TO-DATE
> Task :capacitor-local-notifications:processDebugManifest UP-TO-DATE
> Task :capacitor-push-notifications:extractDeepLinksDebug UP-TO-DATE
> Task :capacitor-push-notifications:processDebugManifest UP-TO-DATE
> Task :capacitor-android:compileDebugLibraryResources UP-TO-DATE
> Task :capacitor-cordova-android-plugins:processDebugManifest
> Task :capacitor-android:parseDebugLocalResources UP-TO-DATE
> Task :app:processDebugMainManifest UP-TO-DATE
> Task :app:processDebugManifest UP-TO-DATE
> Task :app:processDebugManifestForPackage UP-TO-DATE
> Task :capacitor-android:generateDebugRFile UP-TO-DATE
> Task :capacitor-app:compileDebugLibraryResources UP-TO-DATE
> Task :capacitor-app:parseDebugLocalResources UP-TO-DATE
> Task :capacitor-app:generateDebugRFile UP-TO-DATE
> Task :capacitor-cordova-android-plugins:compileDebugLibraryResources
> Task :capacitor-local-notifications:compileDebugLibraryResources UP-TO-DATE
> Task :capacitor-local-notifications:parseDebugLocalResources UP-TO-DATE
> Task :capacitor-local-notifications:generateDebugRFile UP-TO-DATE
> Task :capacitor-push-notifications:compileDebugLibraryResources UP-TO-DATE
> Task :capacitor-push-notifications:parseDebugLocalResources UP-TO-DATE
> Task :capacitor-push-notifications:generateDebugRFile UP-TO-DATE
> Task :capacitor-cordova-android-plugins:parseDebugLocalResources
> Task :capacitor-android:javaPreCompileDebug UP-TO-DATE
> Task :capacitor-cordova-android-plugins:generateDebugRFile
> Task :capacitor-android:compileDebugJavaWithJavac UP-TO-DATE
> Task :app:processDebugResources UP-TO-DATE
> Task :capacitor-android:bundleLibCompileToJarDebug UP-TO-DATE
> Task :capacitor-app:javaPreCompileDebug UP-TO-DATE
> Task :capacitor-app:compileDebugJavaWithJavac UP-TO-DATE
> Task :capacitor-app:bundleLibCompileToJarDebug UP-TO-DATE
> Task :capacitor-cordova-android-plugins:javaPreCompileDebug
> Task :capacitor-local-notifications:javaPreCompileDebug UP-TO-DATE
> Task :capacitor-cordova-android-plugins:compileDebugJavaWithJavac NO-SOURCE
> Task :capacitor-cordova-android-plugins:bundleLibCompileToJarDebug
> Task :capacitor-local-notifications:compileDebugJavaWithJavac UP-TO-DATE
> Task :capacitor-local-notifications:bundleLibCompileToJarDebug UP-TO-DATE
> Task :capacitor-push-notifications:javaPreCompileDebug UP-TO-DATE
> Task :capacitor-push-notifications:compileDebugJavaWithJavac UP-TO-DATE
> Task :capacitor-push-notifications:bundleLibCompileToJarDebug UP-TO-DATE
> Task :app:compileDebugJavaWithJavac UP-TO-DATE
> Task :app:mergeDebugShaders UP-TO-DATE
> Task :app:compileDebugShaders NO-SOURCE
> Task :app:generateDebugAssets UP-TO-DATE
> Task :capacitor-android:mergeDebugShaders UP-TO-DATE
> Task :capacitor-android:compileDebugShaders NO-SOURCE
> Task :capacitor-android:generateDebugAssets UP-TO-DATE
> Task :capacitor-android:mergeDebugAssets UP-TO-DATE
> Task :capacitor-app:mergeDebugShaders UP-TO-DATE
> Task :capacitor-app:compileDebugShaders NO-SOURCE
> Task :capacitor-app:generateDebugAssets UP-TO-DATE
> Task :capacitor-app:mergeDebugAssets UP-TO-DATE
> Task :capacitor-cordova-android-plugins:mergeDebugShaders
> Task :capacitor-cordova-android-plugins:compileDebugShaders NO-SOURCE
> Task :capacitor-cordova-android-plugins:generateDebugAssets UP-TO-DATE
> Task :capacitor-cordova-android-plugins:mergeDebugAssets
> Task :capacitor-local-notifications:mergeDebugShaders UP-TO-DATE
> Task :capacitor-local-notifications:compileDebugShaders NO-SOURCE
> Task :capacitor-local-notifications:generateDebugAssets UP-TO-DATE
> Task :capacitor-local-notifications:mergeDebugAssets UP-TO-DATE
> Task :capacitor-push-notifications:mergeDebugShaders UP-TO-DATE
> Task :capacitor-push-notifications:compileDebugShaders NO-SOURCE
> Task :capacitor-push-notifications:generateDebugAssets UP-TO-DATE
> Task :capacitor-push-notifications:mergeDebugAssets UP-TO-DATE
> Task :app:mergeDebugAssets
> Task :capacitor-app:bundleLibRuntimeToJarDebug UP-TO-DATE
> Task :capacitor-local-notifications:bundleLibRuntimeToJarDebug UP-TO-DATE
> Task :capacitor-push-notifications:bundleLibRuntimeToJarDebug UP-TO-DATE
> Task :capacitor-android:bundleLibRuntimeToJarDebug UP-TO-DATE
> Task :app:desugarDebugFileDependencies UP-TO-DATE
> Task :capacitor-cordova-android-plugins:bundleLibRuntimeToJarDebug
> Task :app:dexBuilderDebug UP-TO-DATE
> Task :app:processDebugJavaRes NO-SOURCE
> Task :capacitor-android:processDebugJavaRes NO-SOURCE
> Task :capacitor-app:processDebugJavaRes NO-SOURCE
> Task :app:mergeDebugGlobalSynthetics UP-TO-DATE
> Task :capacitor-cordova-android-plugins:processDebugJavaRes NO-SOURCE
> Task :capacitor-local-notifications:processDebugJavaRes NO-SOURCE
> Task :capacitor-push-notifications:processDebugJavaRes NO-SOURCE
> Task :app:compressDebugAssets
> Task :app:mergeDebugJavaResource UP-TO-DATE
> Task :app:checkDebugDuplicateClasses UP-TO-DATE
> Task :app:mergeExtDexDebug UP-TO-DATE
> Task :capacitor-app:bundleLibRuntimeToDirDebug UP-TO-DATE
> Task :capacitor-local-notifications:bundleLibRuntimeToDirDebug UP-TO-DATE
> Task :capacitor-push-notifications:bundleLibRuntimeToDirDebug UP-TO-DATE
> Task :capacitor-android:bundleLibRuntimeToDirDebug UP-TO-DATE
> Task :capacitor-cordova-android-plugins:bundleLibRuntimeToDirDebug
> Task :app:mergeProjectDexDebug UP-TO-DATE
> Task :app:mergeDebugJniLibFolders UP-TO-DATE
> Task :capacitor-android:mergeDebugJniLibFolders UP-TO-DATE
> Task :capacitor-android:mergeDebugNativeLibs NO-SOURCE
> Task :capacitor-android:copyDebugJniLibsProjectOnly UP-TO-DATE
> Task :app:mergeLibDexDebug UP-TO-DATE
> Task :capacitor-app:mergeDebugJniLibFolders UP-TO-DATE
> Task :capacitor-app:mergeDebugNativeLibs NO-SOURCE
> Task :capacitor-app:copyDebugJniLibsProjectOnly UP-TO-DATE
> Task :capacitor-cordova-android-plugins:mergeDebugJniLibFolders
> Task :capacitor-cordova-android-plugins:mergeDebugNativeLibs NO-SOURCE
> Task :capacitor-cordova-android-plugins:copyDebugJniLibsProjectOnly
> Task :capacitor-local-notifications:mergeDebugJniLibFolders UP-TO-DATE
> Task :capacitor-local-notifications:mergeDebugNativeLibs NO-SOURCE
> Task :capacitor-local-notifications:copyDebugJniLibsProjectOnly UP-TO-DATE
> Task :capacitor-push-notifications:mergeDebugJniLibFolders UP-TO-DATE
> Task :capacitor-push-notifications:mergeDebugNativeLibs NO-SOURCE
> Task :capacitor-push-notifications:copyDebugJniLibsProjectOnly UP-TO-DATE
> Task :app:mergeDebugNativeLibs UP-TO-DATE
> Task :app:stripDebugDebugSymbols UP-TO-DATE
> Task :app:validateSigningDebug UP-TO-DATE
> Task :app:writeDebugAppMetadata UP-TO-DATE
> Task :app:writeDebugSigningConfigVersions UP-TO-DATE
> Task :capacitor-android:checkDebugAarMetadata UP-TO-DATE
> Task :capacitor-android:stripDebugDebugSymbols NO-SOURCE
> Task :capacitor-android:copyDebugJniLibsProjectAndLocalJars UP-TO-DATE
> Task :capacitor-android:extractDebugAnnotations UP-TO-DATE
> Task :capacitor-android:extractDeepLinksForAarDebug UP-TO-DATE
> Task :capacitor-android:mergeDebugGeneratedProguardFiles UP-TO-DATE
> Task :capacitor-android:mergeDebugConsumerProguardFiles UP-TO-DATE
> Task :capacitor-android:prepareDebugArtProfile UP-TO-DATE
> Task :capacitor-android:prepareLintJarForPublish UP-TO-DATE
> Task :capacitor-android:mergeDebugJavaResource UP-TO-DATE
> Task :capacitor-android:syncDebugLibJars UP-TO-DATE
> Task :capacitor-android:bundleDebugAar UP-TO-DATE
> Task :capacitor-android:assembleDebug UP-TO-DATE
> Task :capacitor-app:checkDebugAarMetadata UP-TO-DATE
> Task :capacitor-app:stripDebugDebugSymbols NO-SOURCE
> Task :capacitor-app:copyDebugJniLibsProjectAndLocalJars UP-TO-DATE
> Task :capacitor-app:extractDebugAnnotations UP-TO-DATE
> Task :capacitor-app:extractDeepLinksForAarDebug UP-TO-DATE
> Task :capacitor-app:mergeDebugGeneratedProguardFiles UP-TO-DATE
> Task :capacitor-app:mergeDebugConsumerProguardFiles UP-TO-DATE
> Task :capacitor-app:prepareDebugArtProfile UP-TO-DATE
> Task :capacitor-app:prepareLintJarForPublish UP-TO-DATE
> Task :capacitor-app:mergeDebugJavaResource UP-TO-DATE
> Task :capacitor-app:syncDebugLibJars UP-TO-DATE
> Task :capacitor-app:bundleDebugAar UP-TO-DATE
> Task :capacitor-app:assembleDebug UP-TO-DATE
> Task :capacitor-cordova-android-plugins:stripDebugDebugSymbols NO-SOURCE
> Task :capacitor-cordova-android-plugins:checkDebugAarMetadata
> Task :capacitor-cordova-android-plugins:copyDebugJniLibsProjectAndLocalJars
> Task :capacitor-cordova-android-plugins:extractDebugAnnotations
> Task :capacitor-cordova-android-plugins:extractDeepLinksForAarDebug UP-TO-DATE
> Task :capacitor-cordova-android-plugins:mergeDebugGeneratedProguardFiles UP-TO-DATE
> Task :capacitor-cordova-android-plugins:mergeDebugConsumerProguardFiles UP-TO-DATE
> Task :capacitor-cordova-android-plugins:prepareDebugArtProfile UP-TO-DATE
> Task :capacitor-cordova-android-plugins:prepareLintJarForPublish UP-TO-DATE
> Task :capacitor-cordova-android-plugins:mergeDebugJavaResource
> Task :capacitor-local-notifications:checkDebugAarMetadata UP-TO-DATE
> Task :capacitor-cordova-android-plugins:syncDebugLibJars
> Task :capacitor-cordova-android-plugins:bundleDebugAar
> Task :capacitor-cordova-android-plugins:assembleDebug
> Task :capacitor-local-notifications:stripDebugDebugSymbols NO-SOURCE
> Task :capacitor-local-notifications:copyDebugJniLibsProjectAndLocalJars UP-TO-DATE
> Task :capacitor-local-notifications:extractDebugAnnotations UP-TO-DATE
> Task :capacitor-local-notifications:extractDeepLinksForAarDebug UP-TO-DATE
> Task :capacitor-local-notifications:mergeDebugGeneratedProguardFiles UP-TO-DATE
> Task :capacitor-local-notifications:mergeDebugConsumerProguardFiles UP-TO-DATE
> Task :capacitor-local-notifications:prepareDebugArtProfile UP-TO-DATE
> Task :capacitor-local-notifications:prepareLintJarForPublish UP-TO-DATE
> Task :capacitor-local-notifications:mergeDebugJavaResource UP-TO-DATE
> Task :capacitor-local-notifications:syncDebugLibJars UP-TO-DATE
> Task :capacitor-local-notifications:bundleDebugAar UP-TO-DATE
> Task :capacitor-local-notifications:assembleDebug UP-TO-DATE
> Task :capacitor-push-notifications:checkDebugAarMetadata UP-TO-DATE
> Task :capacitor-push-notifications:stripDebugDebugSymbols NO-SOURCE
> Task :capacitor-push-notifications:copyDebugJniLibsProjectAndLocalJars UP-TO-DATE
> Task :capacitor-push-notifications:extractDebugAnnotations UP-TO-DATE
> Task :capacitor-push-notifications:extractDeepLinksForAarDebug UP-TO-DATE
> Task :capacitor-push-notifications:mergeDebugGeneratedProguardFiles UP-TO-DATE
> Task :capacitor-push-notifications:mergeDebugConsumerProguardFiles UP-TO-DATE
> Task :capacitor-push-notifications:prepareDebugArtProfile UP-TO-DATE
> Task :capacitor-push-notifications:prepareLintJarForPublish UP-TO-DATE
> Task :capacitor-push-notifications:mergeDebugJavaResource UP-TO-DATE
> Task :capacitor-push-notifications:syncDebugLibJars UP-TO-DATE
> Task :capacitor-push-notifications:bundleDebugAar UP-TO-DATE
> Task :capacitor-push-notifications:assembleDebug UP-TO-DATE
> Task :app:packageDebug
> Task :app:createDebugApkListingFileRedirect UP-TO-DATE
> Task :app:assembleDebug

BUILD SUCCESSFUL in 1s
186 actionable tasks: 27 executed, 159 up-to-date
=============================================
BUILD SUCCESSFUL!
APK resides at: /home/darkeeidea/Projects/ATTENDIFY/AttenMo.apk
=============================================
