
=== Deploying to 'firstfile-c763521e'...

i  deploying database, hosting
i  database: checking rules syntax...
✔  database: rules syntax for database firstfile-c763521e-default-rtdb is valid
i  hosting[attenmo]: beginning deploy...
i  hosting[attenmo]: found 37 files in public
i  hosting: uploading new files [0/2] (0%)
i  hosting: upload complete
✔  hosting[attenmo]: file upload complete
i  hosting[firstfile-c763521e]: beginning deploy...
i  hosting[firstfile-c763521e]: found 37 files in public
i  hosting: uploading new files [0/2] (0%)
i  hosting: upload complete
✔  hosting[firstfile-c763521e]: file upload complete
i  database: releasing rules...
✔  database: rules for database firstfile-c763521e-default-rtdb released successfully
i  hosting[attenmo]: finalizing version...
i  hosting[firstfile-c763521e]: finalizing version...
✔  hosting[attenmo]: version finalized
i  hosting[attenmo]: releasing new version...
✔  hosting[firstfile-c763521e]: version finalized
i  hosting[firstfile-c763521e]: releasing new version...
✔  hosting[firstfile-c763521e]: release complete
✔  hosting[attenmo]: release complete

✔  Deploy complete!

Project Console: https://console.firebase.google.com/project/firstfile-c763521e/overview
Hosting URL: https://attenmo.web.app
Hosting URL: https://firstfile-c763521e.web.app
